[www.fixltd.co.uk/index.html]
[backblue.gif]
[fade.gif]
[index.html]
[www.fixltd.co.uk/wp-content/plugins/my-custom-functionality-master/assets/css/owl.carousel.min531b.css]
[www.fixltd.co.uk/wp-content/plugins/my-custom-functionality-master/assets/css/owl.theme.default.min531b.css]
[www.fixltd.co.uk/wp-content/plugins/my-custom-functionality-master/assets/css/magnific-popupf488.css]
[www.fixltd.co.uk/wp-includes/css/dist/block-library/style.min3781.css]
[www.fixltd.co.uk/wp-includes/css/classic-themes.min3781.css]
[www.fixltd.co.uk/wp-content/plugins/contact-form-7/includes/css/stylesf2b4.css]
[www.fixltd.co.uk/wp-content/plugins/my-custom-functionality-master/assets/css/flickity.min3781.css]
[www.fixltd.co.uk/wp-content/plugins/my-custom-functionality-master/assets/css/animate.min3781.css]
[www.fixltd.co.uk/wp-content/plugins/oxygen/component-framework/oxygen7868.css]
[www.fixltd.co.uk/wp-includes/js/jquery/jquery.min5aed.js]
[www.fixltd.co.uk/wp-includes/js/jquery/jquery-migrate.min6b00.js]
[www.fixltd.co.uk/wp-json/wp/v2/pages/236.json]
[www.fixltd.co.uk/wp-json/oembed/1.0/embedaace.json]
[www.fixltd.co.uk/wp-json/oembed/1.0/embedc00e]
[www.fixltd.co.uk/wp-content/uploads/2019/10/cropped-favicon-fix-32x32.png]
[www.fixltd.co.uk/wp-content/uploads/2019/10/cropped-favicon-fix-192x192.png]
[www.fixltd.co.uk/wp-content/uploads/2019/10/cropped-favicon-fix-180x180.png]
[www.fixltd.co.uk/wp-content/uploads/oxygen/css/112023.css]
[fonts.googleapis.com/css53ee.css]
[www.fixltd.co.uk/wp-content/uploads/oxygen/css/home-236bd6f.css]
[www.fixltd.co.uk/wp-content/uploads/oxygen/css/universal74aa.css]
[www.fixltd.co.uk/wp-content/uploads/2022/02/fix-logo-sco.svg]
[www.fixltd.co.uk/wp-content/plugins/oxygen/component-framework/vendor/unslider/unslider.css]
[www.fixltd.co.uk/about-us/index.html]
[www.fixltd.co.uk/services/index.html]
[www.fixltd.co.uk/total-refurbishment/index.html]
[fixltd.co.uk/wp-content/uploads/svg/icon-cheveron-down.svg]
[www.fixltd.co.uk/bathroom-fitting/index.html]
[www.fixltd.co.uk/plastering/index.html]
[www.fixltd.co.uk/kitchen-fitting/index.html]
[fixltd.co.uk/wp-content/uploads/svg/tools.svg]
[www.fixltd.co.uk/plumbing/index.html]
[www.fixltd.co.uk/painting-and-decorating/index.html]
[www.fixltd.co.uk/flooring/index.html]
[fixltd.co.uk/wp-content/uploads/svg/design.svg]
[www.fixltd.co.uk/joinery-carpentry/index.html]
[www.fixltd.co.uk/gas-services/index.html]
[www.fixltd.co.uk/electrical-services/index.html]
[www.fixltd.co.uk/wp-content/uploads/2019/11/2-2.jpg]
[www.fixltd.co.uk/roofing-and-gutters/index.html]
[www.fixltd.co.uk/loft-conversions/index.html]
[www.fixltd.co.uk/maintenance/index.html]
[www.fixltd.co.uk/basement-conversions/index.html]
[fixltd.co.uk/wp-content/uploads/svg/icon_plus.svg]
[www.fixltd.co.uk/wp-content/uploads/2019/11/8.jpg]
[www.fixltd.co.uk/wp-content/uploads/2019/11/11.jpg]
[www.fixltd.co.uk/damp-proofing/index.html]
[www.fixltd.co.uk/general-building/index.html]
[www.fixltd.co.uk/garage-remodel/index.html]
[www.fixltd.co.uk/wp-content/uploads/2019/11/13A.jpg]
[www.fixltd.co.uk/gardens/index.html]
[www.fixltd.co.uk/commercial-offices/index.html]
[www.fixltd.co.uk/steel-beam-installation/index.html]
[www.fixltd.co.uk/steel-beam-installation-edinburgh/index.html]
[fixltd.co.uk/wp-content/uploads/2019/11/26a.jpg]
[www.fixltd.co.uk/blog/index.html]
[www.fixltd.co.uk/careers/index.html]
[www.fixltd.co.uk/home-staging/index.html]
[www.fixltd.co.uk/home-inspections/index.html]
[www.fixltd.co.uk/wp-content/uploads/2019/11/199a.jpg]
[fixltd.co.uk/wp-content/uploads/2019/11/6a.jpg]
[fixltd.co.uk/wp-content/uploads/2019/11/7b.jpg]
[fixltd.co.uk/wp-content/uploads/2019/11/8c.jpg]
[www.fixltd.co.uk/offer/index.html]
[fixltd.co.uk/wp-content/uploads/2019/11/9.jpg]
[fixltd.co.uk/wp-content/uploads/2019/11/17B.jpg]
[fixltd.co.uk/wp-content/uploads/2019/11/116-1.jpg]
[fixltd.co.uk/wp-content/uploads/2019/11/125.jpg]
[fixltd.co.uk/wp-content/uploads/2019/11/homes-for-sale.jpg]
[www.fixltd.co.uk/wp-content/uploads/2020/12/garage-remodel-companies-Glasgow.jpg]
[www.fixltd.co.uk/wp-content/uploads/2020/12/garage-remodel-companies-Glasgow-1024x768.jpg]
[www.fixltd.co.uk/wp-content/uploads/2020/11/house-renovation-FIX-LTD-Glasgow.jpg]
[www.fixltd.co.uk/wp-content/uploads/2020/11/house-renovation-FIX-LTD-Glasgow-1024x768.jpg]
[www.fixltd.co.uk/wp-content/uploads/2020/11/kitchen-installers-glasgow.jpg]
[www.fixltd.co.uk/wp-content/uploads/2020/11/kitchen-installers-glasgow-1024x768.jpg]
[www.fixltd.co.uk/wp-content/uploads/2020/11/kitchen-installers-nearby.jpg]
[www.fixltd.co.uk/wp-content/uploads/2020/11/kitchen-installers-nearby-1024x768.jpg]
[www.fixltd.co.uk/wp-content/uploads/2022/07/1bd49bd3-1919-4917-a2de-2c66fd0eed3d.jpg]
[www.fixltd.co.uk/contact-us/index.html]
[www.fixltd.co.uk/tiling-2/index.html]
[www.fixltd.co.uk/wp-content/uploads/2022/07/1c8966ea-1648-47fb-9ed8-7479fc771bf6.jpg]
[www.fixltd.co.uk/wp-content/uploads/2022/07/02fe25d3-4b19-46f1-971d-a59da8217007.jpg]
[www.fixltd.co.uk/wp-content/uploads/2022/07/3fbd6d52-83e3-42db-9472-d79dd1f6d954.jpg]
[www.fixltd.co.uk/wp-content/uploads/2022/07/4b01c527-2f28-486a-9479-2ad795e1ca71.jpg]
[www.fixltd.co.uk/wp-content/uploads/2022/07/4df61239-aab1-4f58-be1d-8d5c7f0c5d1e.jpg]
[www.fixltd.co.uk/wp-content/uploads/2022/07/6c22d7b6-2ef1-4c81-9b77-ebc3fd44ca15.jpg]
[www.fixltd.co.uk/wp-content/uploads/2022/07/7a2bea5c-b985-4ee9-a32c-9eae84664b95.jpg]
[www.fixltd.co.uk/wp-content/uploads/2022/07/7b4fd1e1-26ff-404a-a803-0612b45c44ec.jpg]
[www.fixltd.co.uk/wp-content/uploads/2022/07/9afc2023-226e-4422-83aa-43d3845a0805.jpg]
[www.fixltd.co.uk/wp-content/uploads/2022/07/22dcd9b5-824d-4410-adf6-d95242da9f24.jpg]
[www.fixltd.co.uk/wp-content/uploads/2022/07/35b9e6ff-50c9-4549-a50c-23c153c65862.jpg]
[www.fixltd.co.uk/wp-content/uploads/2022/07/55fd472e-5ef7-4724-954a-976065825b79.jpg]
[www.fixltd.co.uk/wp-content/uploads/2022/07/59ebefea-fdef-4e8c-b9d7-5f752fd429b9.jpg]
[www.fixltd.co.uk/wp-content/uploads/2022/07/64fedc7f-1b18-49aa-b33c-a7a583d6ecdc.jpg]
[www.fixltd.co.uk/wp-content/uploads/2022/07/523e8445-f8dd-4977-8f9e-a5d7fede3130.jpg]
[www.fixltd.co.uk/wp-content/uploads/2022/07/4659fe2f-b5ac-4101-943e-5b37b5f8769f.jpg]
[www.fixltd.co.uk/wp-content/uploads/2022/07/5572c038-8af9-4b2a-b98e-1652246136b3.jpg]
[www.fixltd.co.uk/wp-content/uploads/2022/07/7408eccc-3e72-4f0c-8cdf-da7e59a70074.jpg]
[www.fixltd.co.uk/wp-content/uploads/2022/07/363469e6-e074-4a79-b845-5d2dc1fa7894.jpg]
[www.fixltd.co.uk/wp-content/uploads/2022/07/a6a183af-bb74-4389-9aef-5f201939b369.jpg]
[www.fixltd.co.uk/wp-content/uploads/2022/07/a53b4698-a5cf-4cb3-a86c-8b6dfd1f4dd9.jpg]
[www.fixltd.co.uk/wp-content/uploads/2022/07/a75e4090-399d-4d34-8e9c-33370c2be512.jpg]
[www.fixltd.co.uk/our-work/index.html]
[www.fixltd.co.uk/wp-content/uploads/2022/07/bb0c2b9d-c1e3-4fc4-8110-bf8bdc245fe5.jpg]
[www.fixltd.co.uk/wp-content/uploads/2022/07/c5ef36a2-37c3-4b02-bd74-81cd8df6452a.jpg]
[www.fixltd.co.uk/wp-content/uploads/2022/07/ced533d1-a33f-4dee-a6b8-d6489bce4ee7.jpg]
[www.fixltd.co.uk/wp-content/uploads/2022/07/d23b514e-d307-4629-8ec4-43f428d83ead.jpg]
[www.fixltd.co.uk/wp-content/uploads/2022/07/dc8d98aa-93f0-435a-b1de-119a0bd635bc.jpg]
[www.fixltd.co.uk/wp-content/uploads/2022/07/ddab28ce-1bca-4104-aa56-59ca3ae02d03.jpg]
[www.fixltd.co.uk/wp-content/uploads/2022/07/e0b14097-2528-4e46-b3e1-b4a4408a02a7.jpg]
[www.fixltd.co.uk/wp-content/uploads/2022/07/f6b298e7-2e10-4517-b9c7-860f27431fff.jpg]
[www.fixltd.co.uk/wp-content/uploads/2022/07/f045a21f-0be4-48af-a2dc-b682095c271b.jpg]
[www.fixltd.co.uk/wp-content/uploads/2022/07/f3595730-fa23-4def-8e57-a336dceaedbe.jpg]
[www.fixltd.co.uk/wp-content/uploads/2022/07/ff2216d3-13cb-447d-b459-b59c8e2fb4fa.jpg]
[www.fixltd.co.uk/wp-content/uploads/2022/07/6c844ec1-5195-49fa-9c0c-7565740d70bd.jpg]
[www.fixltd.co.uk/wp-content/uploads/2020/11/kitchen-installation-glasgow.jpg]
[www.fixltd.co.uk/wp-content/uploads/2020/11/kitchen-installation-glasgow-768x1024.jpg]
[www.fixltd.co.uk/wp-content/uploads/2020/11/home-renovation-services-glasgow.jpg]
[www.fixltd.co.uk/wp-content/uploads/2020/11/home-renovation-services-glasgow-1024x768.jpg]
[www.fixltd.co.uk/wp-content/uploads/2020/11/Bathroom-fitting-services-nearby.jpg]
[www.fixltd.co.uk/wp-content/uploads/2020/11/Bathroom-fitting-services-nearby-768x1024.jpg]
[www.fixltd.co.uk/wp-content/uploads/2020/11/kitchen-renovation-company-glasgow.jpg]
[www.fixltd.co.uk/wp-content/uploads/2020/11/kitchen-renovation-company-glasgow-768x1024.jpg]
[www.fixltd.co.uk/wp-content/uploads/2019/11/kitchen-renovation-glasgow.jpg]
[www.fixltd.co.uk/wp-content/uploads/2019/11/kitchen-renovation-glasgow-1024x576.jpg]
[www.fixltd.co.uk/wp-content/uploads/2019/11/house-painting-glasgow.jpg]
[www.fixltd.co.uk/wp-content/uploads/2019/11/house-painting-glasgow-1024x768.jpg]
[www.fixltd.co.uk/wp-content/uploads/2019/11/best-kitchen-fitters.jpg]
[www.fixltd.co.uk/wp-content/uploads/2019/11/best-kitchen-fitters-576x1024.jpg]
[www.fixltd.co.uk/wp-content/uploads/2019/11/renovation-of-the-apartment.jpg]
[www.fixltd.co.uk/wp-content/uploads/2019/11/renovation-of-the-apartment-682x1024.jpg]
[fixltd.co.uk/wp-content/uploads/svg/technical-support.svg]
[fixltd.co.uk/wp-content/uploads/svg/icon_check.svg]
[fixltd.co.uk/wp-content/uploads/svg/checklist.svg]
[fixltd.co.uk/wp-content/uploads/svg/LOGO-FIX.svg]
[fixltd.co.uk/wp-content/uploads/svg/icon_phone.svg]
[fixltd.co.uk/wp-content/uploads/svg/icon_mail.svg]
[www.fixltd.co.uk/wp-content/plugins/my-custom-functionality-master/assets/js/owl.carousel.min531b.js]
[www.fixltd.co.uk/wp-content/plugins/my-custom-functionality-master/assets/js/jquery.magnific-popupf488.js]
[www.fixltd.co.uk/wp-content/plugins/contact-form-7/includes/swv/js/indexf2b4.js]
[www.fixltd.co.uk/wp-content/plugins/contact-form-7/includes/js/indexf2b4.js]
[www.fixltd.co.uk/wp-content/plugins/my-custom-functionality-master/assets/js/countUp.min3781.js]
[www.fixltd.co.uk/wp-content/plugins/my-custom-functionality-master/assets/js/flickity.pkgd.min77e6.js]
[www.fixltd.co.uk/wp-content/plugins/my-custom-functionality-master/assets/js/jquery.waypoints.min3781.js]
[www.fixltd.co.uk/wp-content/plugins/my-custom-functionality-master/assets/js/smooth-scrolling8a54.js]
[www.google.com/recaptcha/api63af.js]
[www.fixltd.co.uk/wp-includes/js/dist/vendor/wp-polyfill-inert.min0226.js]
[www.fixltd.co.uk/wp-includes/js/dist/vendor/regenerator-runtime.min8fa4.js]
[www.fixltd.co.uk/wp-includes/js/dist/vendor/wp-polyfill.min2c7c.js]
[www.fixltd.co.uk/wp-content/plugins/contact-form-7/modules/recaptcha/indexf2b4.js]
[www.fixltd.co.uk/wp-content/plugins/oxygen/component-framework/vendor/unslider/unslider-min3781.js]
[www.fixltd.co.uk/wp-content/plugins/oxygen/component-framework/vendor/unslider/jquery.event.move3781.js]
[www.fixltd.co.uk/index.html]
[www.fixltd.co.uk/wp-content/plugins/oxygen/component-framework/vendor/unslider/jquery.event.swipe3781.js]
[www.fixltd.co.uk/wp-json/index.html]
[fonts.googleapis.com/css53ee.css]
[www.fixltd.co.uk/wp-json/oembed/1.0/embed565d.json]
[www.fixltd.co.uk/wp-content/uploads/oxygen/css/2541e75.css]
[www.fixltd.co.uk/wp-json/oembed/1.0/embed9171]
[www.fixltd.co.uk/wp-content/uploads/oxygen/css/about-us-30476ae.css]
[fixltd.co.uk/wp-content/uploads/2019/10/house.svg]
[fixltd.co.uk/wp-content/uploads/2019/10/hook.svg]
[fixltd.co.uk/wp-content/uploads/svg/handshake2.svg]
[fixltd.co.uk/wp-content/uploads/svg/clock1.svg]
[fixltd.co.uk/wp-content/uploads/svg/teamwork.svg]
[fixltd.co.uk/wp-content/uploads/svg/tools2.svg]
[www.fixltd.co.uk/wp-content/plugins/oxygen/component-framework/vendor/aos/aos3781.css]
[www.fixltd.co.uk/wp-content/plugins/oxygen/component-framework/vendor/aos/aos68b3.js]
[www.fixltd.co.uk/about-us/index.html]
[fixltd.co.uk/wp-content/plugins/my-custom-functionality-master/assets/images/cd-top-arrow.svg]
[www.fixltd.co.uk/wp-json/wp/v2/pages/365.json]
[www.fixltd.co.uk/wp-json/oembed/1.0/embed2e59.json]
[www.fixltd.co.uk/wp-content/uploads/oxygen/css/services-365c5a2.css]
[www.fixltd.co.uk/wp-json/oembed/1.0/embed2f28]
[www.fixltd.co.uk/services/index.html]
[fixltd.co.uk/wp-content/uploads/svg/arrow.svg]
[www.fixltd.co.uk/wp-json/wp/v2/pages/983.json]
[www.fixltd.co.uk/wp-json/oembed/1.0/embed0199.json]
[www.fixltd.co.uk/wp-content/uploads/oxygen/css/total-refurbishment-9833f92.css]
[www.fixltd.co.uk/wp-json/oembed/1.0/embed438b]
[www.fixltd.co.uk/wp-content/uploads/2019/11/Total-refurbishments-in-glasgow-1024x681.jpg]
[www.fixltd.co.uk/wp-content/uploads/2019/11/home-renovation-glasgow-1024x576.jpg]
[www.fixltd.co.uk/total-refurbishment/index.html]
[www.fixltd.co.uk/wp-json/wp/v2/pages/985.json]
[www.fixltd.co.uk/wp-json/oembed/1.0/embed4273.json]
[www.fixltd.co.uk/wp-content/uploads/oxygen/css/bathroom-fitting-98595dc.css]
[www.fixltd.co.uk/wp-json/oembed/1.0/embedfc0d]
[www.fixltd.co.uk/wp-content/uploads/2019/11/bathroom-in-the-office-682x1024.jpg]
[www.fixltd.co.uk/bathroom-fitting/index.html]
[www.fixltd.co.uk/wp-json/wp/v2/pages/987.json]
[www.fixltd.co.uk/wp-json/oembed/1.0/embed6d04.json]
[www.fixltd.co.uk/wp-content/uploads/oxygen/css/kitchen-fitting-98795dc.css]
[www.fixltd.co.uk/wp-json/oembed/1.0/embed8d09]
[www.fixltd.co.uk/wp-content/uploads/2019/11/273-683x1024.jpg]
[www.fixltd.co.uk/wp-content/uploads/2019/11/75-682x1024.jpg]
[www.fixltd.co.uk/kitchen-fitting/index.html]
[www.fixltd.co.uk/cost-of-house-renovation/index.html]
[www.fixltd.co.uk/8-classic-kitchen-renovation-ideas-kitchen-fitting-glasgow/index.html]
[www.fixltd.co.uk/wp-json/wp/v2/pages/989.json]
[www.fixltd.co.uk/wp-json/oembed/1.0/embedc6de.json]
[www.fixltd.co.uk/wp-content/uploads/oxygen/css/plastering-989ae4a.css]
[www.fixltd.co.uk/wp-json/oembed/1.0/embedae09]
[www.fixltd.co.uk/plastering/index.html]
[www.fixltd.co.uk/wp-json/wp/v2/pages/991.json]
[www.fixltd.co.uk/wp-json/oembed/1.0/embed3cbc.json]
[www.fixltd.co.uk/painting-and-decorating/index.html]
[www.fixltd.co.uk/wp-content/uploads/oxygen/css/painting-and-decorating-991ae4a.css]
[www.fixltd.co.uk/wp-json/oembed/1.0/embed4644]
[www.fixltd.co.uk/wp-json/wp/v2/pages/993.json]
[www.fixltd.co.uk/wp-json/oembed/1.0/embeda9d4.json]
[www.fixltd.co.uk/plumbing/index.html]
[www.fixltd.co.uk/wp-content/uploads/oxygen/css/plumbing-9930ae6.css]
[www.fixltd.co.uk/wp-json/oembed/1.0/embed78f8]
[www.fixltd.co.uk/wp-json/wp/v2/pages/995.json]
[www.fixltd.co.uk/wp-json/oembed/1.0/embed523b.json]
[www.fixltd.co.uk/wp-json/oembed/1.0/embed3c12]
[www.fixltd.co.uk/wp-content/uploads/oxygen/css/flooring-995d52e.css]
[www.fixltd.co.uk/flooring/index.html]
[www.fixltd.co.uk/wp-json/wp/v2/pages/997.json]
[www.fixltd.co.uk/wp-json/oembed/1.0/embed43d4.json]
[www.fixltd.co.uk/wp-content/uploads/oxygen/css/joinery-carpentry-997d52e.css]
[www.fixltd.co.uk/wp-json/oembed/1.0/embed70d8]
[www.fixltd.co.uk/joinery-carpentry/index.html]
[www.fixltd.co.uk/wp-json/wp/v2/pages/999.json]
[www.fixltd.co.uk/wp-json/oembed/1.0/embed8279.json]
[www.fixltd.co.uk/wp-content/uploads/oxygen/css/gas-services-999d165.css]
[www.fixltd.co.uk/wp-json/oembed/1.0/embedacde]
[www.fixltd.co.uk/gas-services/index.html]
[www.fixltd.co.uk/wp-json/wp/v2/pages/1001.json]
[www.fixltd.co.uk/wp-json/oembed/1.0/embede122.json]
[www.fixltd.co.uk/electrical-services/index.html]
[www.fixltd.co.uk/wp-content/uploads/oxygen/css/electrical-services-1001d165.css]
[www.fixltd.co.uk/wp-json/oembed/1.0/embedb262]
[www.fixltd.co.uk/wp-json/wp/v2/pages/1006.json]
[www.fixltd.co.uk/wp-json/oembed/1.0/embed2a71.json]
[www.fixltd.co.uk/wp-content/uploads/oxygen/css/roofing-and-gutters-1006d165.css]
[www.fixltd.co.uk/wp-json/oembed/1.0/embedd7ee]
[www.fixltd.co.uk/roofing-and-gutters/index.html]
[www.fixltd.co.uk/wp-json/wp/v2/pages/1008.json]
[www.fixltd.co.uk/wp-json/oembed/1.0/embedfdc2.json]
[www.fixltd.co.uk/wp-content/uploads/oxygen/css/maintenance-1008a3cd.css]
[www.fixltd.co.uk/wp-json/oembed/1.0/embed7106]
[www.fixltd.co.uk/wp-content/uploads/2019/11/plumbing-840835_1920-1024x683.jpg]
[www.fixltd.co.uk/maintenance/index.html]
[www.fixltd.co.uk/welcome-on-renovation-company-blog/index.html]
[www.fixltd.co.uk/wp-json/wp/v2/pages/1010.json]
[www.fixltd.co.uk/wp-json/oembed/1.0/embed4854.json]
[www.fixltd.co.uk/wp-content/uploads/oxygen/css/loft-conversions-1010a3cd.css]
[www.fixltd.co.uk/wp-json/oembed/1.0/embedf8a7]
[www.fixltd.co.uk/loft-conversions/index.html]
[www.fixltd.co.uk/wp-json/wp/v2/pages/1012.json]
[www.fixltd.co.uk/wp-json/oembed/1.0/embed9533.json]
[www.fixltd.co.uk/wp-content/uploads/oxygen/css/basement-conversions-10125aac.css]
[www.fixltd.co.uk/wp-json/oembed/1.0/embedd0ea]
[www.fixltd.co.uk/basement-conversions/index.html]
[www.fixltd.co.uk/how-much-does-a-basement-conversion-cost/index.html]
[www.fixltd.co.uk/wp-json/wp/v2/pages/1014.json]
[www.fixltd.co.uk/wp-json/oembed/1.0/embed7587.json]
[www.fixltd.co.uk/wp-content/uploads/oxygen/css/garage-remodel-10145aac.css]
[www.fixltd.co.uk/wp-json/oembed/1.0/embedf896]
[www.fixltd.co.uk/garage-remodel/index.html]
[www.fixltd.co.uk/wp-json/wp/v2/pages/1016.json]
[www.fixltd.co.uk/wp-json/oembed/1.0/embed6e9a.json]
[www.fixltd.co.uk/wp-content/uploads/oxygen/css/damp-proofing-10160917.css]
[www.fixltd.co.uk/wp-json/oembed/1.0/embedd582]
[www.fixltd.co.uk/damp-proofing/index.html]
[www.fixltd.co.uk/wp-json/wp/v2/pages/1018.json]
[www.fixltd.co.uk/wp-json/oembed/1.0/embede776.json]
[www.fixltd.co.uk/wp-content/uploads/oxygen/css/general-building-10180917.css]
[www.fixltd.co.uk/wp-json/oembed/1.0/embed295b]
[www.fixltd.co.uk/wp-content/uploads/2019/11/evan-dvorkin-YWDVrk4C6F0-unsplash2-1024x575.jpg]
[www.fixltd.co.uk/general-building/index.html]
[www.fixltd.co.uk/wp-json/wp/v2/pages/1020.json]
[www.fixltd.co.uk/wp-json/oembed/1.0/embede732.json]
[www.fixltd.co.uk/wp-content/uploads/oxygen/css/gardens-1020f50a.css]
[www.fixltd.co.uk/wp-json/oembed/1.0/embed1f31]
[www.fixltd.co.uk/wp-content/uploads/2019/11/AdobeStock_244653920-1024x684.jpg]
[www.fixltd.co.uk/gardens/index.html]
[www.fixltd.co.uk/wp-json/wp/v2/pages/1369.json]
[www.fixltd.co.uk/wp-json/oembed/1.0/embed6de4.json]
[www.fixltd.co.uk/wp-content/uploads/oxygen/css/steel-beam-installation-13692173.css]
[www.fixltd.co.uk/wp-json/oembed/1.0/embedcffa]
[www.fixltd.co.uk/wp-content/uploads/2021/12/AnyConv.com__beam-installation-by-FIX-LTD-Glasgow.jpg]
[www.fixltd.co.uk/wp-content/uploads/2021/12/AnyConv.com__beam-to-replace-load-bearing-wall.jpg]
[www.fixltd.co.uk/wp-content/uploads/2021/12/AnyConv.com__builder-to-remove-load-bearing-wall.jpg]
[www.fixltd.co.uk/wp-content/uploads/2021/12/AnyConv.com__install-steel-beam-load-bearing-wall-by-FIX-LTD.jpg]
[www.fixltd.co.uk/wp-content/uploads/2021/12/AnyConv.com__installing-steel-beam-load-bearing-wall-in-Glasgow.jpg]
[www.fixltd.co.uk/wp-content/uploads/2021/12/AnyConv.com__steel-beam-installation-Glasgow.jpg]
[www.fixltd.co.uk/wp-content/uploads/2021/12/AnyConv.com__steel-beam-installation-in-Glasgow-by-FIX-LTD.jpg]
[www.fixltd.co.uk/wp-content/uploads/2021/12/AnyConv.com__support-beam-installation.jpg]
[www.fixltd.co.uk/wp-content/uploads/2021/12/AnyConv.com__wall-installation-in-Glasgow.jpg]
[www.fixltd.co.uk/wp-content/uploads/2022/07/2b94dca6-8156-4bf8-86cd-f4781b3e2882.jpg]
[www.fixltd.co.uk/wp-content/uploads/2022/07/2c694ec0-059f-4167-819b-2552a1e18aa7.jpg]
[www.fixltd.co.uk/wp-content/uploads/2022/07/4de6c325-c2e0-469c-966b-fcc6ea920a2a.jpg]
[www.fixltd.co.uk/wp-content/uploads/2022/07/5c53eba0-886b-44bb-886c-b911fad6ff54.jpg]
[www.fixltd.co.uk/wp-content/uploads/2022/07/21bd876d-c2af-4e08-ac68-8f7581ed7156.jpg]
[www.fixltd.co.uk/wp-content/uploads/2022/07/22f859ac-cc0f-4585-bd22-0f1120d2419a.jpg]
[www.fixltd.co.uk/wp-content/uploads/2022/07/59d9a7b5-1852-4bd9-b498-e496c5e3d209.jpg]
[www.fixltd.co.uk/wp-content/uploads/2022/07/98b41fa3-4442-4144-803a-86234f306000.jpg]
[www.fixltd.co.uk/wp-content/uploads/2022/07/257ab54d-0990-4e20-aa99-1f03e0b05efe.jpg]
[www.fixltd.co.uk/wp-content/uploads/2022/07/356eb4c7-f44f-4182-899a-d19dabc6289e.jpg]
[www.fixltd.co.uk/wp-content/uploads/2022/07/755b2a5e-005b-41d8-941e-625f964cfedf.jpg]
[www.fixltd.co.uk/wp-content/uploads/2022/07/981f03be-ad8c-43f0-918e-22bfc4e0e690.jpg]
[www.fixltd.co.uk/wp-content/uploads/2022/07/70274a2c-a82a-453f-9a5c-6bbd8cc42414.jpg]
[www.fixltd.co.uk/wp-content/uploads/2022/07/b8cd8d73-f008-4ce9-8f1d-7fc167758276.jpg]
[www.fixltd.co.uk/wp-content/uploads/2022/07/d2a6e853-37f5-48ee-8a4e-5321ef499dbd.jpg]
[www.fixltd.co.uk/wp-content/uploads/2022/07/df9fa35f-c1b5-4087-a84c-336ebcbebaa7.jpg]
[www.fixltd.co.uk/wp-content/uploads/2022/07/dfbd355a-5ec8-4602-ad1f-866d8f18b478.jpg]
[www.fixltd.co.uk/wp-content/uploads/2022/07/WhatsApp-Image-2022-07-26-at-17.10.21.jpg]
[www.fixltd.co.uk/steel-beam-installation/index.html]
[www.fixltd.co.uk/wp-json/wp/v2/pages/1397.json]
[www.fixltd.co.uk/wp-json/oembed/1.0/embed859d.json]
[www.fixltd.co.uk/steel-beam-installation-edinburgh/index.html]
[www.fixltd.co.uk/wp-content/uploads/oxygen/css/139774aa.css]
[www.fixltd.co.uk/wp-json/oembed/1.0/embedbc38]
[www.fixltd.co.uk/wp-json/wp/v2/pages/1022.json]
[www.fixltd.co.uk/wp-json/oembed/1.0/embed555a.json]
[www.fixltd.co.uk/wp-content/uploads/oxygen/css/commercial-offices-1022f50a.css]
[www.fixltd.co.uk/wp-json/oembed/1.0/embedec3d]
[www.fixltd.co.uk/commercial-offices/index.html]
[www.fixltd.co.uk/wp-json/wp/v2/pages/1025.json]
[www.fixltd.co.uk/wp-json/oembed/1.0/embed8386.json]
[www.fixltd.co.uk/wp-content/uploads/oxygen/css/home-staging-1025195d.css]
[www.fixltd.co.uk/wp-json/oembed/1.0/embedabe5]
[www.fixltd.co.uk/home-staging/index.html]
[www.fixltd.co.uk/wp-json/wp/v2/pages/1027.json]
[www.fixltd.co.uk/wp-json/oembed/1.0/embed394b.json]
[www.fixltd.co.uk/wp-content/uploads/oxygen/css/home-inspections-1027195d.css]
[www.fixltd.co.uk/wp-json/oembed/1.0/embed73d9]
[www.fixltd.co.uk/home-inspections/index.html]
[www.fixltd.co.uk/wp-json/wp/v2/pages/260.json]
[www.fixltd.co.uk/wp-json/oembed/1.0/embed0bc5.json]
[www.fixltd.co.uk/wp-content/uploads/oxygen/css/scroll-down-309f9bb.css]
[www.fixltd.co.uk/wp-json/oembed/1.0/embede200]
[www.fixltd.co.uk/wp-content/uploads/oxygen/css/careers-2601f8b.css]
[www.fixltd.co.uk/careers/index.html]
[www.fixltd.co.uk/blog/index.html]
[www.fixltd.co.uk/wp-json/wp/v2/pages/255.json]
[www.fixltd.co.uk/wp-json/oembed/1.0/embed559b.json]
[www.fixltd.co.uk/wp-content/uploads/oxygen/css/contact-us-2551f8b.css]
[www.fixltd.co.uk/wp-json/oembed/1.0/embed482d]
[www.fixltd.co.uk/wp-content/uploads/2019/09/renovation-conractor.jpg]
[www.fixltd.co.uk/contact-us/index.html]
[www.fixltd.co.uk/wp-json/wp/v2/pages/1034.json]
[www.fixltd.co.uk/wp-json/oembed/1.0/embed395e.json]
[www.fixltd.co.uk/wp-content/uploads/oxygen/css/tiling-2-10343197.css]
[www.fixltd.co.uk/wp-json/oembed/1.0/embed2eb0]
[www.fixltd.co.uk/wp-content/uploads/2019/11/glagow-bathroom-fitting-683x1024.jpg]
[www.fixltd.co.uk/tiling-2/index.html]
[www.fixltd.co.uk/wp-json/wp/v2/pages/568.json]
[www.fixltd.co.uk/wp-json/oembed/1.0/embeda9cd.json]
[www.fixltd.co.uk/wp-json/oembed/1.0/embed053b]
[www.fixltd.co.uk/wp-content/uploads/oxygen/css/offer-568e387.css]
[www.fixltd.co.uk/offer/index.html]
[www.fixltd.co.uk/wp-json/wp/v2/pages/653.json]
[www.fixltd.co.uk/wp-json/oembed/1.0/embed3507.json]
[www.fixltd.co.uk/wp-json/oembed/1.0/embeddb59]
[www.fixltd.co.uk/wp-content/uploads/oxygen/css/our-work-65328d9.css]
[www.fixltd.co.uk/wp-content/uploads/2020/12/bathroom-fitting-glasgow-by-company-FIX-LTD.jpg]
[www.fixltd.co.uk/wp-content/uploads/2020/12/bathroom-fitting-glasgow-by-company-FIX-LTD-768x1024.jpg]
[www.fixltd.co.uk/wp-content/uploads/2020/12/decks-and-patios.jpg]
[www.fixltd.co.uk/wp-content/uploads/2020/12/decks-and-patios-1024x768.jpg]
[www.fixltd.co.uk/wp-content/uploads/2020/12/roofing-and-gutter-repair-glasgow-FIX-LTD.jpg]
[www.fixltd.co.uk/wp-content/uploads/2020/12/roofing-and-gutter-repair-glasgow-FIX-LTD-1024x768.jpg]
[www.fixltd.co.uk/wp-content/uploads/2020/11/home-remodelling-job-example-glasgow-fix-ltd.jpg]
[www.fixltd.co.uk/wp-content/uploads/2020/11/home-remodelling-job-example-glasgow-fix-ltd-768x1024.jpg]
[www.fixltd.co.uk/wp-content/uploads/2020/11/property-renovation-services-glasgow.jpg]
[www.fixltd.co.uk/wp-content/uploads/2020/11/property-renovation-services-glasgow-768x1024.jpg]
[www.fixltd.co.uk/wp-content/uploads/2020/11/home-improvement-company.jpg]
[www.fixltd.co.uk/wp-content/uploads/2020/11/home-improvement-company-768x1024.jpg]
[www.fixltd.co.uk/wp-content/uploads/2020/11/bathroom-renovation-Glasgow-3.jpg]
[www.fixltd.co.uk/wp-content/uploads/2020/11/bathroom-renovation-Glasgow-3-768x1024.jpg]
[www.fixltd.co.uk/wp-content/uploads/2020/11/bathroom-renovation-glasgow.jpg]
[www.fixltd.co.uk/wp-content/uploads/2020/11/bathroom-renovation-glasgow-768x1024.jpg]
[www.fixltd.co.uk/wp-content/uploads/2020/11/bathroom-fitting-services-glasgow.jpg]
[www.fixltd.co.uk/wp-content/uploads/2020/11/bathroom-fitting-services-glasgow-768x1024.jpg]
[www.fixltd.co.uk/wp-content/uploads/2020/11/e9621b31-2f2d-4d6d-b4ce-3880b7c26fcf.jpg]
[www.fixltd.co.uk/wp-content/uploads/2020/11/e9621b31-2f2d-4d6d-b4ce-3880b7c26fcf-768x1024.jpg]
[www.fixltd.co.uk/wp-content/uploads/2020/11/bathroom-renovation-glasgow-Glasgow.jpg]
[www.fixltd.co.uk/wp-content/uploads/2020/11/bathroom-renovation-glasgow-Glasgow-768x1024.jpg]
[www.fixltd.co.uk/wp-content/uploads/2020/11/stairs-after-renovation.jpg]
[www.fixltd.co.uk/wp-content/uploads/2020/11/stairs-after-renovation-768x1024.jpg]
[www.fixltd.co.uk/wp-content/uploads/2020/11/bathroom-remodelling-glasgow.jpg]
[www.fixltd.co.uk/wp-content/uploads/2020/11/bathroom-remodelling-glasgow-768x1024.jpg]
[www.fixltd.co.uk/wp-content/uploads/2020/11/bathroom-installers-glasgow.jpg]
[www.fixltd.co.uk/wp-content/uploads/2020/11/bathroom-installers-glasgow-768x1024.jpg]
[www.fixltd.co.uk/wp-content/uploads/2020/11/Bahtroom-fitting-services-in-Glasgow-FIX-LTD.jpg]
[www.fixltd.co.uk/wp-content/uploads/2020/11/Bahtroom-fitting-services-in-Glasgow-FIX-LTD-768x1024.jpg]
[www.fixltd.co.uk/wp-content/uploads/2019/11/paving-services.jpg]
[www.fixltd.co.uk/wp-content/uploads/2019/11/paving-services-1024x768.jpg]
[www.fixltd.co.uk/wp-content/uploads/2019/11/house-renovation-service.jpg]
[www.fixltd.co.uk/wp-content/uploads/2019/11/house-renovation-service-768x1024.jpg]
[www.fixltd.co.uk/wp-content/uploads/2019/11/renovation-contractor-fix-ltd.jpg]
[www.fixltd.co.uk/wp-content/uploads/2019/11/renovation-contractor-fix-ltd-768x1024.jpg]
[www.fixltd.co.uk/wp-content/uploads/2019/11/remodelling-of-garage-fix.jpg]
[www.fixltd.co.uk/wp-content/uploads/2019/11/remodelling-of-garage-fix-1024x576.jpg]
[www.fixltd.co.uk/wp-content/uploads/2019/11/house-renovation-by-fix-ltd.jpg]
[www.fixltd.co.uk/wp-content/uploads/2019/11/converting-of-the-basement-by-company-fix-ltd.jpg]
[www.fixltd.co.uk/wp-content/uploads/2019/11/converting-of-the-basement-by-company-fix-ltd-682x1024.jpg]
[www.fixltd.co.uk/wp-content/uploads/2019/11/building-services-by-fix-ltd.jpg]
[www.fixltd.co.uk/wp-content/uploads/2019/11/building-services-by-fix-ltd-768x1024.jpg]
[www.fixltd.co.uk/wp-content/uploads/2019/11/fully-equipped-and-renovated-warehouse.jpg]
[www.fixltd.co.uk/wp-content/uploads/2019/11/fully-equipped-and-renovated-warehouse-683x1024.jpg]
[www.fixltd.co.uk/wp-content/uploads/2019/11/new-bathroom-installation.jpg]
[www.fixltd.co.uk/wp-content/uploads/2019/11/new-bathroom-installation-1024x682.jpg]
[www.fixltd.co.uk/wp-content/uploads/2019/11/full-bathroom-installation.jpg]
[www.fixltd.co.uk/wp-content/uploads/2019/11/full-bathroom-installation-682x1024.jpg]
[www.fixltd.co.uk/wp-content/uploads/2019/11/renovated-kitchen-located-in-glasgow.jpg]
[www.fixltd.co.uk/wp-content/uploads/2019/11/renovated-kitchen-located-in-glasgow-683x1024.jpg]
[www.fixltd.co.uk/wp-content/uploads/2019/11/2-e1574438126547.jpg]
[www.fixltd.co.uk/wp-content/uploads/2019/11/2-e1574438126547-768x1024.jpg]
[www.fixltd.co.uk/our-work/index.html]
[www.fixltd.co.uk/indexdd01.html]
[www.fixltd.co.uk/index18ee.html]
[www.fixltd.co.uk/index5dea.html]
[www.fixltd.co.uk/indexdbf6.html]
[www.fixltd.co.uk/index3afd.html]
[www.fixltd.co.uk/wp-content/uploads/2021/09/right-arrow-angle.svg]
[www.fixltd.co.uk/wp-content/uploads/2019/09/Renovation-cost-calculator-scaled.jpg]
[www.fixltd.co.uk/wp-json/wp/v2/pages/304]
[www.fixltd.co.uk/wp-json/wp/v2/posts/292.json]
[www.fixltd.co.uk/wp-json/oembed/1.0/embedc0f2.json]
[www.fixltd.co.uk/cost-of-house-renovation/feed/index.html]
[www.fixltd.co.uk/wp-content/uploads/oxygen/css/breadcrumbs-300202f.css]
[www.fixltd.co.uk/wp-json/oembed/1.0/embed1faf]
[www.fixltd.co.uk/wp-content/uploads/oxygen/css/post-template-2815d06.css]
[fixltd.co.uk/wp-content/uploads/2020/01/Canva-Coins-and-Calculator-on-a-Invoice-1024x683.jpg]
[www.fixltd.co.uk/cost-of-house-renovation/index.html]
[www.fixltd.co.uk/2020/12/index.html]
[www.fixltd.co.uk/wp-content/uploads/2019/11/renovation-of-the-kitchen.jpg]
[www.fixltd.co.uk/how-to-remodel-a-bathroom-on-a-budget/index.html]
[www.fixltd.co.uk/5-ideas-for-a-basement-conversion/index.html]
[www.fixltd.co.uk/flooring-services-glasgow/index.html]
[www.fixltd.co.uk/wp-json/wp/v2/posts/1277.json]
[www.fixltd.co.uk/2019/09/index.html]
[www.fixltd.co.uk/8-classic-kitchen-renovation-ideas-kitchen-fitting-glasgow/feed/index.html]
[www.fixltd.co.uk/wp-json/oembed/1.0/embed0bda.json]
[www.fixltd.co.uk/8-classic-kitchen-renovation-ideas-kitchen-fitting-glasgow/index.html]
[www.fixltd.co.uk/index6dad.html]
[www.fixltd.co.uk/index652e.html]
[www.fixltd.co.uk/index5aa6.html]
[www.fixltd.co.uk/indexac83.html]
[www.fixltd.co.uk/index7451.html]
[www.fixltd.co.uk/index58aa.html]
[www.fixltd.co.uk/indexcf8a.html]
[www.fixltd.co.uk/index846b.html]
[www.fixltd.co.uk/index4192.html]
[www.fixltd.co.uk/wp-json/oembed/1.0/embedaf43]
[www.fixltd.co.uk/wp-content/uploads/2019/09/FIX-LTD-Building-and-renovation-company.png]
[www.fixltd.co.uk/wp-json/wp/v2/posts/282.json]
[www.fixltd.co.uk/welcome-on-renovation-company-blog/feed/index.html]
[www.fixltd.co.uk/wp-json/oembed/1.0/embed75fa.json]
[www.fixltd.co.uk/welcome-on-renovation-company-blog/index.html]
[www.fixltd.co.uk/indexdf2a.html]
[www.fixltd.co.uk/index8f57.html]
[www.fixltd.co.uk/wp-content/uploads/2019/11/13.jpg]
[www.fixltd.co.uk/wp-json/oembed/1.0/embed94aa]
[www.fixltd.co.uk/how-to-renovate-a-house/index.html]
[www.fixltd.co.uk/wp-json/wp/v2/posts/1224.json]
[www.fixltd.co.uk/how-much-does-a-basement-conversion-cost/feed/index.html]
[www.fixltd.co.uk/wp-json/oembed/1.0/embed4ae9.json]
[www.fixltd.co.uk/wp-content/uploads/2019/11/evan-dvorkin-F7FJG9l5N3o-unsplash-1-1024x683.jpg]
[www.fixltd.co.uk/wp-json/oembed/1.0/embed977e]
[www.fixltd.co.uk/wp-content/uploads/2019/11/dp-1024x683.jpg]
[www.fixltd.co.uk/how-much-does-a-basement-conversion-cost/index.html]
[www.fixltd.co.uk/index039f.html]
[www.fixltd.co.uk/index8d1b.html]
[www.fixltd.co.uk/indexbd7b.html]
[www.fixltd.co.uk/index87d0.html]
[www.fixltd.co.uk/index9e60.html]
[www.fixltd.co.uk/index7e0e.html]
[www.fixltd.co.uk/indexb703.html]
[www.fixltd.co.uk/index0c42.html]
[www.fixltd.co.uk/index1303.html]
[www.fixltd.co.uk/index8e1b.html]
[www.fixltd.co.uk/index0c93.html]
[www.fixltd.co.uk/indexff6b.html]
[www.fixltd.co.uk/index3a5c.html]
[www.fixltd.co.uk/index5d49.html]
[www.fixltd.co.uk/xmlrpc0db0.php]
[www.fixltd.co.uk/index2af5.html]
[www.fixltd.co.uk/wp-content/uploads/2020/11/fitting-bathroom.jpg]
[www.fixltd.co.uk/wp-json/wp/v2/posts/1301.json]
[www.fixltd.co.uk/how-to-remodel-a-bathroom-on-a-budget/feed/index.html]
[www.fixltd.co.uk/wp-json/oembed/1.0/embedccd6.json]
[www.fixltd.co.uk/how-to-remodel-a-bathroom-on-a-budget/index.html]
[www.fixltd.co.uk/wp-content/uploads/2020/12/Cellar-conversion-into-living-room-Glasgow-scaled.jpg]
[www.fixltd.co.uk/wp-json/oembed/1.0/embedb39c]
[www.fixltd.co.uk/wp-json/wp/v2/posts/1287.json]
[www.fixltd.co.uk/5-ideas-for-a-basement-conversion/feed/index.html]
[www.fixltd.co.uk/wp-json/oembed/1.0/embedd1d6.json]
[www.fixltd.co.uk/wp-content/uploads/2019/11/13-682x1024.jpg]
[www.fixltd.co.uk/wp-json/oembed/1.0/embed22c9]
[www.fixltd.co.uk/wp-content/uploads/2020/12/basement-conversion-Edinburgh-1024x686.jpg]
[www.fixltd.co.uk/wp-content/uploads/2020/12/basement-cellar-conversion-Glasgow-FIX-LTD-1024x576.jpg]
[www.fixltd.co.uk/wp-content/uploads/2020/12/Cellar-conversion-into-living-room-Glasgow-1024x683.jpg]
[www.fixltd.co.uk/5-ideas-for-a-basement-conversion/index.html]
[www.fixltd.co.uk/wp-content/uploads/2019/09/Flooring-glasgow-FIX-LTD-scaled.jpg]
[www.fixltd.co.uk/wp-json/wp/v2/posts/298.json]
[www.fixltd.co.uk/flooring-services-glasgow/feed/index.html]
[www.fixltd.co.uk/wp-json/oembed/1.0/embedc417.json]
[www.fixltd.co.uk/flooring-services-glasgow/index.html]
[www.fixltd.co.uk/2020/12/index.html]
[www.fixltd.co.uk/wp-json/oembed/1.0/embed483c]
[fixltd.co.uk/wp-content/uploads/2020/01/how-to-paint-an-apartment-1024x683.jpg]
[fixltd.co.uk/wp-content/uploads/2020/01/Flooring-services-in-Glasgow-1-1024x1024.jpg]
[fixltd.co.uk/wp-content/uploads/2020/01/Glasgow-toilet-in-devastated-building-1024x678.jpg]
[www.fixltd.co.uk/2019/09/index.html]
[www.fixltd.co.uk/indexa414.html]
[www.fixltd.co.uk/indexa8da.html]
[www.fixltd.co.uk/wp-content/uploads/2019/09/Canva-Coins-and-Calculator-on-a-Invoice-1-scaled.jpg]
[www.fixltd.co.uk/wp-json/wp/v2/posts/289.json]
[www.fixltd.co.uk/how-to-renovate-a-house/feed/index.html]
[www.fixltd.co.uk/wp-json/oembed/1.0/embedde9d.json]
[www.fixltd.co.uk/how-to-renovate-a-house/index.html]
[www.fixltd.co.uk/index744c.html]
[www.fixltd.co.uk/index0e6c.html]
[www.fixltd.co.uk/index2569.html]
[www.fixltd.co.uk/indexba86.html]
[www.fixltd.co.uk/index8902.html]
[www.fixltd.co.uk/wp-json/oembed/1.0/embed40d4]
[www.fixltd.co.uk/wp-content/plugins/my-custom-functionality-master/assets/css/owl.carousel.min531b.css]
[www.fixltd.co.uk/wp-includes/js/jquery/jquery.min5aed.js]
[www.fixltd.co.uk/wp-content/uploads/2019/11/8.jpg]
[www.fixltd.co.uk/wp-content/plugins/my-custom-functionality-master/assets/css/owl.theme.default.min531b.css]
[www.fixltd.co.uk/wp-content/uploads/2019/11/11.jpg]
[www.fixltd.co.uk/wp-content/plugins/my-custom-functionality-master/assets/css/magnific-popupf488.css]
[www.fixltd.co.uk/wp-includes/js/jquery/jquery-migrate.min6b00.js]
[www.fixltd.co.uk/wp-includes/css/dist/block-library/style.min3781.css]
[www.fixltd.co.uk/wp-content/uploads/2020/12/garage-remodel-companies-Glasgow-1024x768.jpg]
[www.fixltd.co.uk/wp-content/uploads/2022/07/a75e4090-399d-4d34-8e9c-33370c2be512.jpg]
[www.fixltd.co.uk/wp-includes/css/classic-themes.min3781.css]
[www.fixltd.co.uk/wp-content/uploads/2020/11/house-renovation-FIX-LTD-Glasgow.jpg]
[www.fixltd.co.uk/wp-content/plugins/contact-form-7/includes/css/stylesf2b4.css]
[www.fixltd.co.uk/wp-content/uploads/2020/11/kitchen-installers-nearby.jpg]
[www.fixltd.co.uk/wp-content/uploads/2022/07/bb0c2b9d-c1e3-4fc4-8110-bf8bdc245fe5.jpg]
[www.fixltd.co.uk/wp-content/plugins/my-custom-functionality-master/assets/css/flickity.min3781.css]
[www.fixltd.co.uk/wp-content/uploads/2020/11/Bathroom-fitting-services-nearby.jpg]
[www.fixltd.co.uk/wp-content/plugins/my-custom-functionality-master/assets/css/animate.min3781.css]
[www.fixltd.co.uk/wp-content/uploads/2019/11/kitchen-renovation-glasgow.jpg]
[www.fixltd.co.uk/wp-content/plugins/oxygen/component-framework/oxygen7868.css]
[www.fixltd.co.uk/wp-json/index.html]
[www.fixltd.co.uk/wp-content/uploads/2019/11/house-painting-glasgow.jpg]
[www.fixltd.co.uk/wp-content/uploads/2019/11/house-painting-glasgow-1024x768.jpg]
[www.fixltd.co.uk/wp-content/plugins/my-custom-functionality-master/assets/js/owl.carousel.min531b.js]
[www.fixltd.co.uk/wp-content/plugins/contact-form-7/includes/swv/js/indexf2b4.js]
[www.fixltd.co.uk/wp-content/plugins/my-custom-functionality-master/assets/js/jquery.magnific-popupf488.js]
[www.fixltd.co.uk/wp-content/plugins/my-custom-functionality-master/assets/js/flickity.pkgd.min77e6.js]
[www.fixltd.co.uk/wp-content/plugins/contact-form-7/includes/js/indexf2b4.js]
[www.fixltd.co.uk/wp-content/uploads/oxygen/css/kod-do-paska-przewijania2-1355f111.css]
[www.google.com/recaptcha/api63af.js]
[www.fixltd.co.uk/wp-content/uploads/oxygen/css/112023.css]
[www.fixltd.co.uk/wp-content/plugins/my-custom-functionality-master/assets/js/countUp.min3781.js]
[www.fixltd.co.uk/wp-content/plugins/my-custom-functionality-master/assets/js/jquery.waypoints.min3781.js]
[fixltd.co.uk/wp-content/uploads/2020/02/bg_company.jpg]
[www.fixltd.co.uk/wp-content/uploads/oxygen/css/home-236bd6f.css]
[www.fixltd.co.uk/wp-content/plugins/my-custom-functionality-master/assets/js/smooth-scrolling8a54.js]
[www.fixltd.co.uk/wp-content/uploads/oxygen/css/color(9.18b.delayed]
[www.fixltd.co.uk/wp-includes/js/dist/vendor/wp-polyfill-inert.min0226.js]
[www.fixltd.co.uk/wp-includes/js/dist/vendor/regenerator-runtime.min8fa4.js]
[www.fixltd.co.uk/wp-includes/js/dist/vendor/wp-polyfill.min2c7c.js]
[www.fixltd.co.uk/wp-content/plugins/contact-form-7/modules/recaptcha/indexf2b4.js]
[www.fixltd.co.uk/wp-content/plugins/oxygen/component-framework/vendor/unslider/unslider-min3781.js]
[www.fixltd.co.uk/wp-json/index.html]
[fixltd.co.uk/wp-content/uploads/svg/forbidden-mark.svg]
[www.fixltd.co.uk/wp-content/plugins/oxygen/component-framework/vendor/unslider/jquery.event.swipe3781.js]
[www.fixltd.co.uk/wp-content/plugins/oxygen/component-framework/vendor/unslider/jquery.event.move3781.js]
[www.fixltd.co.uk/wp-content/uploads/oxygen/css/universal74aa.css]
[fixltd.co.uk/wp-content/uploads/svg/media-play-symbol.svg]
[www.fixltd.co.uk/wp-content/uploads/2022/02/fix-logo-sco.svg]
[www.fixltd.co.uk/wp-content/plugins/oxygen/component-framework/vendor/unslider/unslider.css]
[fixltd.co.uk/wp-content/uploads/svg/icon-cheveron-down.svg]
[fixltd.co.uk/wp-content/uploads/svg/tools.svg]
[fixltd.co.uk/wp-content/uploads/svg/design.svg]
[fixltd.co.uk/wp-content/uploads/svg/icon_plus.svg]
[www.fixltd.co.uk/wp-content/plugins/oxygen/component-framework/vendor/aos/aos68b3.js]
[www.fixltd.co.uk/wp-content/uploads/2022/07/755b2a5e-005b-41d8-941e-625f964cfedf.jpg]
[www.fixltd.co.uk/wp-content/uploads/2020/12/roofing-and-gutter-repair-glasgow-FIX-LTD.jpg]
[www.fixltd.co.uk/wp-content/uploads/2020/12/decks-and-patios.jpg]
[www.fixltd.co.uk/wp-content/uploads/2020/11/property-renovation-services-glasgow.jpg]
[www.fixltd.co.uk/wp-content/uploads/2020/11/bathroom-renovation-glasgow-Glasgow.jpg]
[fixltd.co.uk/wp-content/uploads/svg/technical-support.svg]
[www.fixltd.co.uk/wp-content/uploads/2020/11/bathroom-renovation-glasgow-Glasgow-768x1024.jpg]
[fixltd.co.uk/wp-content/uploads/svg/icon_check.svg]
[www.fixltd.co.uk/wp-content/uploads/2020/11/stairs-after-renovation.jpg]
[fixltd.co.uk/wp-content/uploads/svg/checklist.svg]
[www.fixltd.co.uk/wp-content/uploads/2020/11/stairs-after-renovation-768x1024.jpg]
[www.fixltd.co.uk/wp-content/uploads/2020/11/Bahtroom-fitting-services-in-Glasgow-FIX-LTD.jpg]
[www.fixltd.co.uk/wp-content/uploads/2019/11/paving-services.jpg]
[www.fixltd.co.uk/wp-content/uploads/2019/11/renovation-contractor-fix-ltd.jpg]
[sodipodi.sourceforge.net/DTD/sodipodi-0.18f.delayed]
[fixltd.co.uk/wp-content/uploads/svg/LOGO-FIX.svg]
[www.fixltd.co.uk/wp-content/uploads/2019/11/remodelling-of-garage-fix-1024x576.jpg]
[www.fixltd.co.uk/wp-content/uploads/2019/11/fully-equipped-and-renovated-warehouse.jpg]
[www.fixltd.co.uk/wp-content/uploads/2019/11/remodelling-of-garage-fix.jpg]
[fixltd.co.uk/wp-content/uploads/svg/icon_phone.svg]
[www.fixltd.co.uk/cost-of-house-renovation/feed/index.html]
[fixltd.co.uk/wp-content/uploads/svg/icon_mail.svg]
[www.fixltd.co.uk/wp-content/uploads/2019/11/2-e1574438126547.jpg]
[www.fixltd.co.uk/wp-content/uploads/oxygen/css/2541e75.css]
[fixltd.co.uk/wp-content/uploads/2019/09/fixltd-building-team.jpg]
[www.fixltd.co.uk/wp-content/uploads/oxygen/css/about-us-30476ae.css]
[fixltd.co.uk/wp-content/uploads/2019/10/house.svg]
[www.fixltd.co.uk/welcome-on-renovation-company-blog/feed/index.html]
[fixltd.co.uk/wp-content/uploads/2019/10/hook.svg]
[fixltd.co.uk/wp-content/uploads/svg/handshake2.svg]
[fixltd.co.uk/wp-content/uploads/svg/clock1.svg]
[www.fixltd.co.uk/how-much-does-a-basement-conversion-cost/feed/index.html]
[fixltd.co.uk/wp-content/uploads/svg/teamwork.svg]
[www.fixltd.co.uk/how-to-remodel-a-bathroom-on-a-budget/feed/index.html]
[fixltd.co.uk/wp-content/uploads/svg/tools2.svg]
[www.fixltd.co.uk/wp-content/plugins/oxygen/component-framework/vendor/aos/aos3781.css]
[fixltd.co.uk/wp-content/plugins/my-custom-functionality-master/assets/images/cd-top-arrow.svg]
[www.fixltd.co.uk/index18ee.html]
[fixltd.co.uk/wp-content/uploads/2019/10/building-contract.jpg]
[www.fixltd.co.uk/wp-content/uploads/oxygen/css/services-365c5a2.css]
[www.fixltd.co.uk/flooring-services-glasgow/feed/index.html]
[fixltd.co.uk/wp-content/uploads/svg/arrow.svg]
[www.fixltd.co.uk/index5dea.html]
[www.fixltd.co.uk/wp-content/uploads/2019/09/Renovation-cost-calculator-scaled.jpg]
[fixltd.co.uk/wp-content/uploads/2019/11/commercial-renovation-contractor.jpg]
[www.fixltd.co.uk/wp-content/uploads/oxygen/css/total-refurbishment-9833f92.css]
[www.fixltd.co.uk/wp-content/uploads/2020/12/Cellar-conversion-into-living-room-Glasgow-scaled.jpg]
[fixltd.co.uk/wp-content/uploads/2020/01/how-to-paint-an-apartment-1024x683.jpg]
[www.fixltd.co.uk/indexdbf6.html]
[www.fixltd.co.uk/how-to-renovate-a-house/feed/index.html]
[fixltd.co.uk/wp-content/uploads/2020/01/Flooring-services-in-Glasgow-1-1024x1024.jpg]
[fixltd.co.uk/wp-content/uploads/2019/11/luxury-new-bathroom.jpg]
[fixltd.co.uk/wp-content/uploads/2020/01/Glasgow-toilet-in-devastated-building-1024x678.jpg]
[www.fixltd.co.uk/wp-content/uploads/oxygen/css/bathroom-fitting-98595dc.css]
[www.fixltd.co.uk/index3afd.html]
[www.fixltd.co.uk/wp-content/uploads/2019/09/Canva-Coins-and-Calculator-on-a-Invoice-1-scaled.jpg]
[www.fixltd.co.uk/wp-content/uploads/2019/10/favicon-fix.png]
[fixltd.co.uk/wp-content/uploads/2019/11/perfect-kitchen-renovation.jpg]
[www.fixltd.co.uk/wp-content/uploads/oxygen/css/kitchen-fitting-98795dc.css]
[fixltd.co.uk/wp-content/uploads/2019/10/building-contract.jpg]
[fixltd.co.uk/wp-content/uploads/2019/09/fixltd-building-team.jpg]
[www.fixltd.co.uk/index6dad.html]
[fixltd.co.uk/wp-content/uploads/2019/11/commercial-renovation-contractor.jpg]
[fixltd.co.uk/wp-content/uploads/2019/11/luxury-new-bathroom.jpg]
[fixltd.co.uk/wp-content/uploads/2019/11/perfect-kitchen-renovation.jpg]
[fixltd.co.uk/wp-content/uploads/2019/11/plastering-glasgow.jpg]
[www.fixltd.co.uk/wp-content/uploads/oxygen/css/plastering-989ae4a.css]
[www.fixltd.co.uk/index652e.html]
[www.fixltd.co.uk/wp-content/uploads/oxygen/css/painting-and-decorating-991ae4a.css]
[www.fixltd.co.uk/index5aa6.html]
[fixltd.co.uk/wp-content/uploads/2019/11/plumbing-service.jpg]
[www.fixltd.co.uk/wp-content/uploads/oxygen/css/plumbing-9930ae6.css]
[www.fixltd.co.uk/indexac83.html]
[fixltd.co.uk/wp-content/uploads/2019/11/Flooring2.jpg]
[www.fixltd.co.uk/wp-content/uploads/oxygen/css/flooring-995d52e.css]
[www.fixltd.co.uk/index7451.html]
[fixltd.co.uk/wp-content/uploads/2019/11/Joinerycarpentry.jpg]
[www.fixltd.co.uk/wp-content/uploads/oxygen/css/joinery-carpentry-997d52e.css]
[www.fixltd.co.uk/index58aa.html]
[fixltd.co.uk/wp-content/uploads/2019/11/gas-company.jpg]
[www.fixltd.co.uk/wp-content/uploads/oxygen/css/gas-services-999d165.css]
[www.fixltd.co.uk/indexcf8a.html]
[fixltd.co.uk/wp-content/uploads/2019/11/ELECTRICAL-SERVICES.jpg]
[www.fixltd.co.uk/wp-content/uploads/oxygen/css/electrical-services-1001d165.css]
[www.fixltd.co.uk/index846b.html]
[fixltd.co.uk/wp-content/uploads/2019/11/roof-truss-3339206_1920.jpg]
[www.fixltd.co.uk/wp-content/uploads/oxygen/css/roofing-and-gutters-1006d165.css]
[www.fixltd.co.uk/index4192.html]
[fixltd.co.uk/wp-content/uploads/2019/11/shr.jpg]
[www.fixltd.co.uk/wp-content/uploads/oxygen/css/maintenance-1008a3cd.css]
[www.fixltd.co.uk/indexdf2a.html]
[fixltd.co.uk/wp-content/uploads/2019/11/homes-for-sale-326991_1920.jpg]
[www.fixltd.co.uk/wp-content/uploads/oxygen/css/loft-conversions-1010a3cd.css]
[www.fixltd.co.uk/index8f57.html]
[fixltd.co.uk/wp-content/uploads/2019/11/bc.jpg]
[www.fixltd.co.uk/wp-content/uploads/oxygen/css/basement-conversions-10125aac.css]
[www.fixltd.co.uk/index039f.html]
[fixltd.co.uk/wp-content/uploads/2019/11/gr.jpg]
[www.fixltd.co.uk/wp-content/uploads/oxygen/css/garage-remodel-10145aac.css]
[www.fixltd.co.uk/index8d1b.html]
[fixltd.co.uk/wp-content/uploads/2019/11/dp.jpg]
[www.fixltd.co.uk/wp-content/uploads/oxygen/css/damp-proofing-10160917.css]
[www.fixltd.co.uk/indexbd7b.html]
[fixltd.co.uk/wp-content/uploads/2019/11/General-building.jpg]
[www.fixltd.co.uk/wp-content/uploads/oxygen/css/general-building-10180917.css]
[www.fixltd.co.uk/index87d0.html]
[fixltd.co.uk/wp-content/uploads/2019/11/glasgow-gardening-services.jpg]
[www.fixltd.co.uk/wp-content/uploads/oxygen/css/gardens-1020f50a.css]
[www.fixltd.co.uk/index9e60.html]
[www.fixltd.co.uk/wp-content/uploads/oxygen/css/steel-beam-installation-13692173.css]
[www.fixltd.co.uk/index7e0e.html]
[www.fixltd.co.uk/wp-content/uploads/oxygen/css/139774aa.css]
[www.fixltd.co.uk/indexb703.html]
[fixltd.co.uk/wp-content/uploads/2019/11/289.jpg]
[www.fixltd.co.uk/wp-content/uploads/oxygen/css/commercial-offices-1022f50a.css]
[www.fixltd.co.uk/index0c42.html]
[fixltd.co.uk/wp-content/uploads/2019/11/Home-staging2.jpg]
[www.fixltd.co.uk/wp-content/uploads/oxygen/css/home-staging-1025195d.css]
[www.fixltd.co.uk/index1303.html]
[fixltd.co.uk/wp-content/uploads/2019/11/hi.jpg]
[www.fixltd.co.uk/wp-content/uploads/oxygen/css/home-inspections-1027195d.css]
[www.fixltd.co.uk/index8e1b.html]
[www.fixltd.co.uk/wp-content/uploads/oxygen/css/scroll-down-309f9bb.css]
[fixltd.co.uk/wp-content/uploads/2019/09/building-career.jpg]
[www.fixltd.co.uk/wp-content/uploads/oxygen/css/careers-2601f8b.css]
[www.fixltd.co.uk/index0c93.html]
[www.fixltd.co.uk/wp-content/uploads/oxygen/css/contact-us-2551f8b.css]
[www.fixltd.co.uk/indexff6b.html]
[fixltd.co.uk/wp-content/uploads/2019/11/glasgow-tiling-services.jpg]
[www.fixltd.co.uk/wp-content/uploads/oxygen/css/tiling-2-10343197.css]
[www.fixltd.co.uk/index3a5c.html]
[www.fixltd.co.uk/wp-content/uploads/oxygen/css/offer-568e387.css]
[www.fixltd.co.uk/index5d49.html]
[fixltd.co.uk/wp-content/uploads/2019/09/building-development.png]
[www.fixltd.co.uk/wp-content/uploads/oxygen/css/our-work-65328d9.css]
[www.fixltd.co.uk/wp-content/uploads/2021/09/right-arrow-angle.svg]
[www.fixltd.co.uk/index2af5.html]
[www.fixltd.co.uk/wp-content/uploads/oxygen/css/breadcrumbs-300202f.css]
[fixltd.co.uk/wp-content/uploads/2019/09/building-services-img.png]
[www.fixltd.co.uk/wp-content/uploads/oxygen/css/post-template-2815d06.css]
[www.fixltd.co.uk/indexa414.html]
[www.fixltd.co.uk/indexa8da.html]
[www.fixltd.co.uk/how-to-renovate-a-house/index.html]
[www.fixltd.co.uk/index744c.html]
[www.fixltd.co.uk/index0e6c.html]
[www.fixltd.co.uk/index2569.html]
[www.fixltd.co.uk/indexba86.html]
[www.fixltd.co.uk/index8902.html]
[www.fixltd.co.uk/wp-content/uploads/oxygen/css/color(9.html]
[fixltd.co.uk/wp-content/uploads/svg/forbidden-mark.svg]
[fixltd.co.uk/wp-content/uploads/svg/media-play-symbol.svg]
[sodipodi.sourceforge.net/DTD/sodipodi-0.html]
[www.fixltd.co.uk/xmlrpc0db0.php]
[www.fixltd.co.uk/xmlrpc0db0.php]
[www.fixltd.co.uk/wp-includes/wlwmanifest.xml]
[www.fixltd.co.uk/wp-content/plugins/my-custom-functionality-master/assets/css/owl.video.play.png]
[www.fixltd.co.uk/wp-json/oembed/1.0/embed40d4]
[www.fixltd.co.uk/wp-content/plugins/my-custom-functionality-master/assets/css/owl.video.play.png]
